// Jest Snapshot v1, https://goo.gl/fbAQLP

exports[`ToButtonContainer renders without crashing 1`] = `
<button
  className="to-button"
  onClick={[Function]}
  type="button"
>
  @to
</button>
`;
