// Jest Snapshot v1, https://goo.gl/fbAQLP

exports[`NotLoginnedMessage renders without crashing 1`] = `
<div
  className="not-loginned-message"
>
  Login first to send messages
</div>
`;
